2025-07-24 11:15:58.543 | INFO     | __main__:<module>:188 - Starting outreach campaign test
2025-07-24 11:15:58.558 | INFO     | __main__:run_tests:148 - Starting outreach campaign tests...

2025-07-24 11:15:58.558 | INFO     | __main__:test_email_sender_initialization:16 - 
=== TESTING EMAIL SENDER INITIALIZATION ===

2025-07-24 11:15:58.558 | INFO     | __main__:test_email_sender_initialization:30 - GMAIL_USER is set: plo...com
2025-07-24 11:15:58.558 | INFO     | __main__:test_email_sender_initialization:31 - GMAIL_APP_PASSWORD is set: ******
Fixed malformed DATABASE_URL by removing prefix
Fixed malformed DATABASE_URL by extracting connection string
All required tables already exist
2025-07-24 11:16:11.109 | INFO     | __main__:test_email_template_loading:44 - 
=== TESTING EMAIL TEMPLATE LOADING ===

Fixed malformed DATABASE_URL by removing prefix
Fixed malformed DATABASE_URL by extracting connection string
All required tables already exist
2025-07-24 11:16:22.563 | INFO     | __main__:test_database_targets:83 - 
=== TESTING DATABASE TARGETS ===

Fixed malformed DATABASE_URL by removing prefix
Fixed malformed DATABASE_URL by extracting connection string
All required tables already exist
2025-07-24 11:16:35.938 | INFO     | __main__:test_database_targets:90 - Found 5 daycares in database
2025-07-24 11:16:35.938 | INFO     | __main__:test_database_targets:94 - Daycare 1: Crossroads Early Learning Center, Email: crossroadsdir@gmail.com
2025-07-24 11:16:35.938 | INFO     | __main__:test_database_targets:94 - Daycare 2: Childtime of Spotswood, Email: None
2025-07-24 11:16:35.938 | INFO     | __main__:test_database_targets:94 - Daycare 3: Big Apple Academy, Email: bigappleacademynj@gmail.com
2025-07-24 11:16:36.387 | INFO     | __main__:test_database_targets:98 - Found 5 influencers in database
2025-07-24 11:16:36.387 | INFO     | __main__:test_database_targets:102 - Influencer 1: Parenting, Email: None
2025-07-24 11:16:36.387 | INFO     | __main__:test_database_targets:102 - Influencer 2: Get Parenting Tips, Email: None
2025-07-24 11:16:36.387 | INFO     | __main__:test_database_targets:102 - Influencer 3: Tamil Parenting School , Email: None
2025-07-24 11:16:37.279 | INFO     | __main__:test_database_targets:108 - Found 12 daycares with valid emails
2025-07-24 11:16:37.279 | INFO     | __main__:test_database_targets:109 - Found 0 influencers with valid emails
2025-07-24 11:16:37.279 | INFO     | __main__:test_outreach_command_processing:122 - 
=== TESTING OUTREACH COMMAND PROCESSING ===

Fixed malformed DATABASE_URL by removing prefix
Fixed malformed DATABASE_URL by extracting connection string
All required tables already exist
2025-07-24 11:16:49.288 | INFO     | src.ai_assistant.assistant:__init__:27 - Using OpenAI model: gpt-3.5-turbo
2025-07-24 11:16:49.288 | INFO     | src.ai_assistant.assistant:__init__:30 - Maximum retry attempts set to: 3
2025-07-24 11:16:49.288 | INFO     | src.ai_assistant.assistant:__init__:39 - Using default OpenAI API endpoint
2025-07-24 11:16:50.032 | INFO     | src.ai_assistant.assistant:__init__:58 - Successfully initialized OpenAI client
2025-07-24 11:16:50.032 | INFO     | __main__:test_outreach_command_processing:130 - Processing command: 'Send outreach email to 1 random daycare'
2025-07-24 11:16:50.032 | INFO     | src.ai_assistant.assistant:process_command:234 - Checking OpenAI API connectivity before processing command: 'Send outreach email to 1 random daycare'
2025-07-24 11:16:52.678 | INFO     | src.ai_assistant.assistant:check_api_connectivity:74 - Successfully connected to OpenAI API
2025-07-24 11:16:52.678 | INFO     | src.ai_assistant.assistant:process_command:254 - Processing command: 'Send outreach email to 1 random daycare'
2025-07-24 11:16:52.678 | INFO     | src.ai_assistant.assistant:_analyze_intent:141 - Starting intent analysis for command: 'Send outreach email to 1 random daycare' using model gpt-3.5-turbo
2025-07-24 11:17:17.121 | ERROR    | src.outreach.email_sender:_send_email:122 - SMTP error for oldbridge@tlechildcare.com: [WinError 10060] A connection attempt failed because the connected party did not properly respond after a period of time, or established connection failed because connected host has failed to respond
2025-07-24 11:17:38.155 | ERROR    | src.outreach.email_sender:_send_email:122 - SMTP error for kidscountchildcenternj@gmail.com: [WinError 10060] A connection attempt failed because the connected party did not properly respond after a period of time, or established connection failed because connected host has failed to respond
2025-07-24 11:17:59.194 | ERROR    | src.outreach.email_sender:_send_email:122 - SMTP error for edison@tlechildcare.com: [WinError 10060] A connection attempt failed because the connected party did not properly respond after a period of time, or established connection failed because connected host has failed to respond
2025-07-24 11:17:59.194 | ERROR    | src.outreach.email_sender:send_batch:65 - Error sending email to Children of America East Brunswick: Target has no valid email address.
2025-07-24 11:17:59.194 | ERROR    | src.outreach.email_sender:send_batch:65 - Error sending email to South County Day Care Center: Target has no valid email address.
2025-07-24 11:18:20.237 | ERROR    | src.outreach.email_sender:_send_email:122 - SMTP error for northbrunswick@tlechildcare.com: [WinError 10060] A connection attempt failed because the connected party did not properly respond after a period of time, or established connection failed because connected host has failed to respond
2025-07-24 11:18:20.237 | ERROR    | src.outreach.email_sender:send_batch:65 - Error sending email to Parents Choice Daycare: Target has no valid email address.
2025-07-24 11:18:20.237 | ERROR    | src.outreach.email_sender:send_batch:65 - Error sending email to Early Childhood Learning Center: Target has no valid email address.
2025-07-24 11:18:20.237 | ERROR    | src.outreach.email_sender:send_batch:65 - Error sending email to Primrose School of East Brunswick: Target has no valid email address.
2025-07-24 11:18:41.291 | ERROR    | src.outreach.email_sender:_send_email:122 - SMTP error for bigappleacademynj@gmail.com: [WinError 10060] A connection attempt failed because the connected party did not properly respond after a period of time, or established connection failed because connected host has failed to respond
2025-07-24 11:18:41.296 | INFO     | __main__:run_tests:157 - 
=== TEST SUMMARY ===

2025-07-24 11:18:41.306 | INFO     | __main__:<module>:191 - Test completed successfully
